// Jest Snapshot v1, https://goo.gl/fbAQLP

exports[`Quil to JSON converts all quil programs to a JSON representation correctly 1`] = `
Array [
  Object {
    "matrix": Array [
      Array [
        Object {
          "expression": "0.5+0.5i",
          "type": "EXPRESSION",
        },
        Object {
          "expression": "0.5-0.5i",
          "type": "EXPRESSION",
        },
      ],
      Array [
        Object {
          "expression": "0.5-0.5i",
          "type": "EXPRESSION",
        },
        Object {
          "expression": "0.5+0.5i",
          "type": "EXPRESSION",
        },
      ],
    ],
    "name": "SQRT-X",
    "type": "DEFGATE",
    "variables": Array [],
  },
  Object {
    "name": "SQRT-X",
    "params": undefined,
    "qubits": Array [
      0,
    ],
    "type": "GATE",
  },
]
`;

exports[`Quil to JSON converts all quil programs to a JSON representation correctly 2`] = `
Array [
  Object {
    "field": "BIT",
    "index": Array [
      1,
    ],
    "register": "ro",
    "sharing": undefined,
    "type": "DECLARE",
  },
  Object {
    "name": "X",
    "params": undefined,
    "qubits": Array [
      0,
    ],
    "type": "GATE",
  },
  Object {
    "address": Object {
      "address": "ro",
      "addressType": "DEREFERENCE",
      "index": 0,
      "type": "ADDRESS",
    },
    "qubitIndex": 0,
    "type": "MEASURE",
  },
]
`;

exports[`Quil to JSON converts all quil programs to a JSON representation correctly 3`] = `
Array [
  Object {
    "matrix": Array [
      Array [
        Object {
          "expression": "1.0",
          "type": "EXPRESSION",
        },
        Object {
          "expression": "0",
          "type": "EXPRESSION",
        },
        Object {
          "expression": "0",
          "type": "EXPRESSION",
        },
        Object {
          "expression": "0",
          "type": "EXPRESSION",
        },
        Object {
          "expression": "0",
          "type": "EXPRESSION",
        },
        Object {
          "expression": "0",
          "type": "EXPRESSION",
        },
        Object {
          "expression": "0",
          "type": "EXPRESSION",
        },
        Object {
          "expression": "0",
          "type": "EXPRESSION",
        },
      ],
      Array [
        Object {
          "expression": "0",
          "type": "EXPRESSION",
        },
        Object {
          "expression": "1.0",
          "type": "EXPRESSION",
        },
        Object {
          "expression": "0",
          "type": "EXPRESSION",
        },
        Object {
          "expression": "0",
          "type": "EXPRESSION",
        },
        Object {
          "expression": "0",
          "type": "EXPRESSION",
        },
        Object {
          "expression": "0",
          "type": "EXPRESSION",
        },
        Object {
          "expression": "0",
          "type": "EXPRESSION",
        },
        Object {
          "expression": "0",
          "type": "EXPRESSION",
        },
      ],
      Array [
        Object {
          "expression": "0",
          "type": "EXPRESSION",
        },
        Object {
          "expression": "0",
          "type": "EXPRESSION",
        },
        Object {
          "expression": "-1.0",
          "type": "EXPRESSION",
        },
        Object {
          "expression": "0",
          "type": "EXPRESSION",
        },
        Object {
          "expression": "0",
          "type": "EXPRESSION",
        },
        Object {
          "expression": "0",
          "type": "EXPRESSION",
        },
        Object {
          "expression": "0",
          "type": "EXPRESSION",
        },
        Object {
          "expression": "0",
          "type": "EXPRESSION",
        },
      ],
      Array [
        Object {
          "expression": "0",
          "type": "EXPRESSION",
        },
        Object {
          "expression": "0",
          "type": "EXPRESSION",
        },
        Object {
          "expression": "0",
          "type": "EXPRESSION",
        },
        Object {
          "expression": "1.0",
          "type": "EXPRESSION",
        },
        Object {
          "expression": "0",
          "type": "EXPRESSION",
        },
        Object {
          "expression": "0",
          "type": "EXPRESSION",
        },
        Object {
          "expression": "0",
          "type": "EXPRESSION",
        },
        Object {
          "expression": "0",
          "type": "EXPRESSION",
        },
      ],
      Array [
        Object {
          "expression": "0",
          "type": "EXPRESSION",
        },
        Object {
          "expression": "0",
          "type": "EXPRESSION",
        },
        Object {
          "expression": "0",
          "type": "EXPRESSION",
        },
        Object {
          "expression": "0",
          "type": "EXPRESSION",
        },
        Object {
          "expression": "1.0",
          "type": "EXPRESSION",
        },
        Object {
          "expression": "0",
          "type": "EXPRESSION",
        },
        Object {
          "expression": "0",
          "type": "EXPRESSION",
        },
        Object {
          "expression": "0",
          "type": "EXPRESSION",
        },
      ],
      Array [
        Object {
          "expression": "0",
          "type": "EXPRESSION",
        },
        Object {
          "expression": "0",
          "type": "EXPRESSION",
        },
        Object {
          "expression": "0",
          "type": "EXPRESSION",
        },
        Object {
          "expression": "0",
          "type": "EXPRESSION",
        },
        Object {
          "expression": "0",
          "type": "EXPRESSION",
        },
        Object {
          "expression": "1.0",
          "type": "EXPRESSION",
        },
        Object {
          "expression": "0",
          "type": "EXPRESSION",
        },
        Object {
          "expression": "0",
          "type": "EXPRESSION",
        },
      ],
      Array [
        Object {
          "expression": "0",
          "type": "EXPRESSION",
        },
        Object {
          "expression": "0",
          "type": "EXPRESSION",
        },
        Object {
          "expression": "0",
          "type": "EXPRESSION",
        },
        Object {
          "expression": "0",
          "type": "EXPRESSION",
        },
        Object {
          "expression": "0",
          "type": "EXPRESSION",
        },
        Object {
          "expression": "0",
          "type": "EXPRESSION",
        },
        Object {
          "expression": "1.0",
          "type": "EXPRESSION",
        },
        Object {
          "expression": "0",
          "type": "EXPRESSION",
        },
      ],
      Array [
        Object {
          "expression": "0",
          "type": "EXPRESSION",
        },
        Object {
          "expression": "0",
          "type": "EXPRESSION",
        },
        Object {
          "expression": "0",
          "type": "EXPRESSION",
        },
        Object {
          "expression": "0",
          "type": "EXPRESSION",
        },
        Object {
          "expression": "0",
          "type": "EXPRESSION",
        },
        Object {
          "expression": "0",
          "type": "EXPRESSION",
        },
        Object {
          "expression": "0",
          "type": "EXPRESSION",
        },
        Object {
          "expression": "1.0",
          "type": "EXPRESSION",
        },
      ],
    ],
    "name": "GROVER_ORACLE",
    "type": "DEFGATE",
    "variables": Array [],
  },
  Object {
    "matrix": Array [
      Array [
        Object {
          "expression": "1.0",
          "type": "EXPRESSION",
        },
        Object {
          "expression": "0",
          "type": "EXPRESSION",
        },
        Object {
          "expression": "0",
          "type": "EXPRESSION",
        },
        Object {
          "expression": "0",
          "type": "EXPRESSION",
        },
        Object {
          "expression": "0",
          "type": "EXPRESSION",
        },
        Object {
          "expression": "0",
          "type": "EXPRESSION",
        },
        Object {
          "expression": "0",
          "type": "EXPRESSION",
        },
        Object {
          "expression": "0",
          "type": "EXPRESSION",
        },
      ],
      Array [
        Object {
          "expression": "0",
          "type": "EXPRESSION",
        },
        Object {
          "expression": "-1.0",
          "type": "EXPRESSION",
        },
        Object {
          "expression": "0",
          "type": "EXPRESSION",
        },
        Object {
          "expression": "0",
          "type": "EXPRESSION",
        },
        Object {
          "expression": "0",
          "type": "EXPRESSION",
        },
        Object {
          "expression": "0",
          "type": "EXPRESSION",
        },
        Object {
          "expression": "0",
          "type": "EXPRESSION",
        },
        Object {
          "expression": "0",
          "type": "EXPRESSION",
        },
      ],
      Array [
        Object {
          "expression": "0",
          "type": "EXPRESSION",
        },
        Object {
          "expression": "0",
          "type": "EXPRESSION",
        },
        Object {
          "expression": "-1.0",
          "type": "EXPRESSION",
        },
        Object {
          "expression": "0",
          "type": "EXPRESSION",
        },
        Object {
          "expression": "0",
          "type": "EXPRESSION",
        },
        Object {
          "expression": "0",
          "type": "EXPRESSION",
        },
        Object {
          "expression": "0",
          "type": "EXPRESSION",
        },
        Object {
          "expression": "0",
          "type": "EXPRESSION",
        },
      ],
      Array [
        Object {
          "expression": "0",
          "type": "EXPRESSION",
        },
        Object {
          "expression": "0",
          "type": "EXPRESSION",
        },
        Object {
          "expression": "0",
          "type": "EXPRESSION",
        },
        Object {
          "expression": "-1.0",
          "type": "EXPRESSION",
        },
        Object {
          "expression": "0",
          "type": "EXPRESSION",
        },
        Object {
          "expression": "0",
          "type": "EXPRESSION",
        },
        Object {
          "expression": "0",
          "type": "EXPRESSION",
        },
        Object {
          "expression": "0",
          "type": "EXPRESSION",
        },
      ],
      Array [
        Object {
          "expression": "0",
          "type": "EXPRESSION",
        },
        Object {
          "expression": "0",
          "type": "EXPRESSION",
        },
        Object {
          "expression": "0",
          "type": "EXPRESSION",
        },
        Object {
          "expression": "0",
          "type": "EXPRESSION",
        },
        Object {
          "expression": "-1.0",
          "type": "EXPRESSION",
        },
        Object {
          "expression": "0",
          "type": "EXPRESSION",
        },
        Object {
          "expression": "0",
          "type": "EXPRESSION",
        },
        Object {
          "expression": "0",
          "type": "EXPRESSION",
        },
      ],
      Array [
        Object {
          "expression": "0",
          "type": "EXPRESSION",
        },
        Object {
          "expression": "0",
          "type": "EXPRESSION",
        },
        Object {
          "expression": "0",
          "type": "EXPRESSION",
        },
        Object {
          "expression": "0",
          "type": "EXPRESSION",
        },
        Object {
          "expression": "0",
          "type": "EXPRESSION",
        },
        Object {
          "expression": "-1.0",
          "type": "EXPRESSION",
        },
        Object {
          "expression": "0",
          "type": "EXPRESSION",
        },
        Object {
          "expression": "0",
          "type": "EXPRESSION",
        },
      ],
      Array [
        Object {
          "expression": "0",
          "type": "EXPRESSION",
        },
        Object {
          "expression": "0",
          "type": "EXPRESSION",
        },
        Object {
          "expression": "0",
          "type": "EXPRESSION",
        },
        Object {
          "expression": "0",
          "type": "EXPRESSION",
        },
        Object {
          "expression": "0",
          "type": "EXPRESSION",
        },
        Object {
          "expression": "0",
          "type": "EXPRESSION",
        },
        Object {
          "expression": "-1.0",
          "type": "EXPRESSION",
        },
        Object {
          "expression": "0",
          "type": "EXPRESSION",
        },
      ],
      Array [
        Object {
          "expression": "0",
          "type": "EXPRESSION",
        },
        Object {
          "expression": "0",
          "type": "EXPRESSION",
        },
        Object {
          "expression": "0",
          "type": "EXPRESSION",
        },
        Object {
          "expression": "0",
          "type": "EXPRESSION",
        },
        Object {
          "expression": "0",
          "type": "EXPRESSION",
        },
        Object {
          "expression": "0",
          "type": "EXPRESSION",
        },
        Object {
          "expression": "0",
          "type": "EXPRESSION",
        },
        Object {
          "expression": "-1.0",
          "type": "EXPRESSION",
        },
      ],
    ],
    "name": "HADAMARD_DIFFUSION",
    "type": "DEFGATE",
    "variables": Array [],
  },
  Object {
    "name": "H",
    "params": undefined,
    "qubits": Array [
      0,
    ],
    "type": "GATE",
  },
  Object {
    "name": "H",
    "params": undefined,
    "qubits": Array [
      1,
    ],
    "type": "GATE",
  },
  Object {
    "name": "H",
    "params": undefined,
    "qubits": Array [
      2,
    ],
    "type": "GATE",
  },
  Object {
    "name": "GROVER_ORACLE",
    "params": undefined,
    "qubits": Array [
      0,
      1,
      2,
    ],
    "type": "GATE",
  },
  Object {
    "name": "H",
    "params": undefined,
    "qubits": Array [
      2,
    ],
    "type": "GATE",
  },
  Object {
    "name": "H",
    "params": undefined,
    "qubits": Array [
      1,
    ],
    "type": "GATE",
  },
  Object {
    "name": "H",
    "params": undefined,
    "qubits": Array [
      0,
    ],
    "type": "GATE",
  },
  Object {
    "name": "HADAMARD_DIFFUSION",
    "params": undefined,
    "qubits": Array [
      0,
      1,
      2,
    ],
    "type": "GATE",
  },
  Object {
    "name": "H",
    "params": undefined,
    "qubits": Array [
      0,
    ],
    "type": "GATE",
  },
  Object {
    "name": "H",
    "params": undefined,
    "qubits": Array [
      1,
    ],
    "type": "GATE",
  },
  Object {
    "name": "H",
    "params": undefined,
    "qubits": Array [
      2,
    ],
    "type": "GATE",
  },
  Object {
    "name": "GROVER_ORACLE",
    "params": undefined,
    "qubits": Array [
      0,
      1,
      2,
    ],
    "type": "GATE",
  },
  Object {
    "name": "H",
    "params": undefined,
    "qubits": Array [
      2,
    ],
    "type": "GATE",
  },
  Object {
    "name": "H",
    "params": undefined,
    "qubits": Array [
      1,
    ],
    "type": "GATE",
  },
  Object {
    "name": "H",
    "params": undefined,
    "qubits": Array [
      0,
    ],
    "type": "GATE",
  },
  Object {
    "name": "HADAMARD_DIFFUSION",
    "params": undefined,
    "qubits": Array [
      0,
      1,
      2,
    ],
    "type": "GATE",
  },
  Object {
    "name": "H",
    "params": undefined,
    "qubits": Array [
      0,
    ],
    "type": "GATE",
  },
  Object {
    "name": "H",
    "params": undefined,
    "qubits": Array [
      1,
    ],
    "type": "GATE",
  },
  Object {
    "name": "H",
    "params": undefined,
    "qubits": Array [
      2,
    ],
    "type": "GATE",
  },
]
`;

exports[`Quil to JSON converts all quil programs to a JSON representation correctly 4`] = `
Array [
  Object {
    "matrix": Array [
      Array [
        Object {
          "expression": "1 - %b",
          "type": "EXPRESSION",
        },
        Object {
          "expression": "%a",
          "type": "EXPRESSION",
        },
      ],
      Array [
        Object {
          "expression": "%a",
          "type": "EXPRESSION",
        },
        Object {
          "expression": "1 - %b",
          "type": "EXPRESSION",
        },
      ],
    ],
    "name": "PARAM-GATE",
    "type": "DEFGATE",
    "variables": Array [
      Array [
        "a",
        "b",
      ],
    ],
  },
  Object {
    "name": "PARAM-GATE",
    "params": Array [
      Object {
        "expression": "1",
        "type": "EXPRESSION",
      },
      Object {
        "expression": "0",
        "type": "EXPRESSION",
      },
    ],
    "qubits": Array [
      0,
    ],
    "type": "GATE",
  },
]
`;
